// Jest Snapshot v1, https://goo.gl/fbAQLP

exports[`simple snapshot 1`] = `
Object {
  "Mappings": Object {
    "ServiceprincipalMap": Object {
      "af-south-1": Object {
        "states": "states.af-south-1.amazonaws.com",
      },
      "ap-east-1": Object {
        "states": "states.ap-east-1.amazonaws.com",
      },
      "ap-northeast-1": Object {
        "states": "states.ap-northeast-1.amazonaws.com",
      },
      "ap-northeast-2": Object {
        "states": "states.ap-northeast-2.amazonaws.com",
      },
      "ap-northeast-3": Object {
        "states": "states.ap-northeast-3.amazonaws.com",
      },
      "ap-south-1": Object {
        "states": "states.ap-south-1.amazonaws.com",
      },
      "ap-southeast-1": Object {
        "states": "states.ap-southeast-1.amazonaws.com",
      },
      "ap-southeast-2": Object {
        "states": "states.ap-southeast-2.amazonaws.com",
      },
      "ap-southeast-3": Object {
        "states": "states.ap-southeast-3.amazonaws.com",
      },
      "ca-central-1": Object {
        "states": "states.ca-central-1.amazonaws.com",
      },
      "cn-north-1": Object {
        "states": "states.cn-north-1.amazonaws.com",
      },
      "cn-northwest-1": Object {
        "states": "states.cn-northwest-1.amazonaws.com",
      },
      "eu-central-1": Object {
        "states": "states.eu-central-1.amazonaws.com",
      },
      "eu-north-1": Object {
        "states": "states.eu-north-1.amazonaws.com",
      },
      "eu-south-1": Object {
        "states": "states.eu-south-1.amazonaws.com",
      },
      "eu-south-2": Object {
        "states": "states.eu-south-2.amazonaws.com",
      },
      "eu-west-1": Object {
        "states": "states.eu-west-1.amazonaws.com",
      },
      "eu-west-2": Object {
        "states": "states.eu-west-2.amazonaws.com",
      },
      "eu-west-3": Object {
        "states": "states.eu-west-3.amazonaws.com",
      },
      "me-south-1": Object {
        "states": "states.me-south-1.amazonaws.com",
      },
      "sa-east-1": Object {
        "states": "states.sa-east-1.amazonaws.com",
      },
      "us-east-1": Object {
        "states": "states.us-east-1.amazonaws.com",
      },
      "us-east-2": Object {
        "states": "states.us-east-2.amazonaws.com",
      },
      "us-gov-east-1": Object {
        "states": "states.us-gov-east-1.amazonaws.com",
      },
      "us-gov-west-1": Object {
        "states": "states.us-gov-west-1.amazonaws.com",
      },
      "us-iso-east-1": Object {
        "states": "states.amazonaws.com",
      },
      "us-iso-west-1": Object {
        "states": "states.amazonaws.com",
      },
      "us-isob-east-1": Object {
        "states": "states.amazonaws.com",
      },
      "us-west-1": Object {
        "states": "states.us-west-1.amazonaws.com",
      },
      "us-west-2": Object {
        "states": "states.us-west-2.amazonaws.com",
      },
    },
  },
  "Parameters": Object {
    "BootstrapVersion": Object {
      "Default": "/cdk-bootstrap/hnb659fds/version",
      "Description": "Version of the CDK Bootstrap resources in this environment, automatically retrieved from SSM Parameter Store. [cdk:skip]",
      "Type": "AWS::SSM::Parameter::Value<String>",
    },
  },
  "Resources": Object {
    "Test7BFAF513": Object {
      "DependsOn": Array [
        "TestRole17AB2208",
      ],
      "Properties": Object {
        "DefinitionString": "{\\"States\\":{\\"one\\":{\\"Parameters\\":{\\"thingOne\\":\\"test passed\\"}}}}",
        "RoleArn": Object {
          "Fn::GetAtt": Array [
            "TestRole17AB2208",
            "Arn",
          ],
        },
        "StateMachineName": "A-nice-state-machine",
        "StateMachineType": "STANDARD",
      },
      "Type": "AWS::StepFunctions::StateMachine",
    },
    "TestRole17AB2208": Object {
      "Properties": Object {
        "AssumeRolePolicyDocument": Object {
          "Statement": Array [
            Object {
              "Action": "sts:AssumeRole",
              "Effect": "Allow",
              "Principal": Object {
                "Service": Object {
                  "Fn::FindInMap": Array [
                    "ServiceprincipalMap",
                    Object {
                      "Ref": "AWS::Region",
                    },
                    "states",
                  ],
                },
              },
            },
          ],
          "Version": "2012-10-17",
        },
      },
      "Type": "AWS::IAM::Role",
    },
  },
  "Rules": Object {
    "CheckBootstrapVersion": Object {
      "Assertions": Array [
        Object {
          "Assert": Object {
            "Fn::Not": Array [
              Object {
                "Fn::Contains": Array [
                  Array [
                    "1",
                    "2",
                    "3",
                    "4",
                    "5",
                  ],
                  Object {
                    "Ref": "BootstrapVersion",
                  },
                ],
              },
            ],
          },
          "AssertDescription": "CDK bootstrap stack version 6 required. Please run 'cdk bootstrap' with a recent version of the CDK CLI.",
        },
      ],
    },
  },
}
`;
